djet@hammerdjet:~$ modprobe kvm
djet@hammerdjet:~$ kvm-ok
Command 'kvm-ok' not found, but can be installed with:
sudo apt install cpu-checker
djet@hammerdjet:~$ lsmod | grep kvm
kvm_amd               151552  0
kvm                  1003520  1 kvm_amd
ccp                   102400  1 kvm_amd
djet@hammerdjet:~$ ls -al /dev/kvm
crw-rw----+ 1 root kvm 10, 232 июн 27 20:03 /dev/kvm
djet@hammerdjet:~$ sudo usermod -aG kvm $USER
[sudo] password for djet: 
djet@hammerdjet:~$ sudo apt update
Hit:1 http://repo.postgrespro.ru/pgpro-14/ubuntu jammy InRelease               
Get:2 http://security.ubuntu.com/ubuntu jammy-security InRelease [110 kB]      
Hit:3 https://repo.yandex.ru/yandex-browser/deb stable InRelease               
Hit:4 https://ftp.postgresql.org/pub/pgadmin/pgadmin4/apt/jammy pgadmin4 InRelease
Get:5 http://security.ubuntu.com/ubuntu jammy-security/main amd64 DEP-11 Metadata [11,4 kB]
Hit:6 http://ru.archive.ubuntu.com/ubuntu jammy InRelease                      
Get:7 http://ru.archive.ubuntu.com/ubuntu jammy-updates InRelease [109 kB]
Get:8 http://ru.archive.ubuntu.com/ubuntu jammy-backports InRelease [99,8 kB]
Fetched 331 kB in 13s (24,7 kB/s)   
Reading package lists... Done
Building dependency tree... Done
Reading state information... Done
All packages are up to date.
W: https://ftp.postgresql.org/pub/pgadmin/pgadmin4/apt/jammy/dists/pgadmin4/InRelease: Key is stored in legacy trusted.gpg keyring (/etc/apt/trusted.gpg), see the DEPRECATION section in apt-key(8) for details.
djet@hammerdjet:~$ sudo apt-get install \
    ca-certificates \
    curl \
    gnupg \
    lsb-release
Reading package lists... Done
Building dependency tree... Done
Reading state information... Done
ca-certificates is already the newest version (20211016).
ca-certificates set to manually installed.
gnupg is already the newest version (2.2.27-3ubuntu2).
gnupg set to manually installed.
lsb-release is already the newest version (11.1.0ubuntu4).
lsb-release set to manually installed.
The following NEW packages will be installed:
  curl
0 upgraded, 1 newly installed, 0 to remove and 0 not upgraded.
Need to get 194 kB of archives.
After this operation, 453 kB of additional disk space will be used.
Do you want to continue? [Y/n] y
Get:1 http://ru.archive.ubuntu.com/ubuntu jammy-updates/main amd64 curl amd64 7.81.0-1ubuntu1.3 [194 kB]
Fetched 194 kB in 1s (272 kB/s)
Selecting previously unselected package curl.
(Reading database ... 205121 files and directories currently installed.)
Preparing to unpack .../curl_7.81.0-1ubuntu1.3_amd64.deb ...
Unpacking curl (7.81.0-1ubuntu1.3) ...
Setting up curl (7.81.0-1ubuntu1.3) ...
Processing triggers for man-db (2.10.2-1) ...
djet@hammerdjet:~$ sudo mkdir -p /etc/apt/keyrings
djet@hammerdjet:~$ curl -fsSL https://download.docker.com/linux/ubuntu/gpg | sudo gpg --dearmor -o /etc/apt/keyrings/docker.gpg
djet@hammerdjet:~$ echo \
  "deb [arch=$(dpkg --print-architecture) signed-by=/etc/apt/keyrings/docker.gpg] https://download.docker.com/linux/ubuntu \
  $(lsb_release -cs) stable" | sudo tee /etc/apt/sources.list.d/docker.list > /dev/null
djet@hammerdjet:~$ sudo apt-get update
Hit:1 http://repo.postgrespro.ru/pgpro-14/ubuntu jammy InRelease
Hit:2 http://security.ubuntu.com/ubuntu jammy-security InRelease               
Hit:3 https://repo.yandex.ru/yandex-browser/deb stable InRelease               
Get:4 https://download.docker.com/linux/ubuntu jammy InRelease [48,9 kB]       
Hit:5 https://ftp.postgresql.org/pub/pgadmin/pgadmin4/apt/jammy pgadmin4 InRelease
Hit:6 http://ru.archive.ubuntu.com/ubuntu jammy InRelease                      
Get:7 https://download.docker.com/linux/ubuntu jammy/stable amd64 Packages [6 121 B]
Get:8 http://ru.archive.ubuntu.com/ubuntu jammy-updates InRelease [109 kB]
Get:9 http://ru.archive.ubuntu.com/ubuntu jammy-backports InRelease [99,8 kB]
Fetched 264 kB in 2s (165 kB/s)      
Reading package lists... Done
W: https://ftp.postgresql.org/pub/pgadmin/pgadmin4/apt/jammy/dists/pgadmin4/InRelease: Key is stored in legacy trusted.gpg keyring (/etc/apt/trusted.gpg), see the DEPRECATION section in apt-key(8) for details.
djet@hammerdjet:~$ sudo apt-get install docker-ce docker-ce-cli containerd.io docker-compose-plugin
Reading package lists... Done
Building dependency tree... Done
Reading state information... Done
The following additional packages will be installed:
  docker-ce-rootless-extras docker-scan-plugin libslirp0 pigz slirp4netns
Suggested packages:
  aufs-tools cgroupfs-mount | cgroup-lite
The following NEW packages will be installed:
  containerd.io docker-ce docker-ce-cli docker-ce-rootless-extras
  docker-compose-plugin docker-scan-plugin libslirp0 pigz slirp4netns
0 upgraded, 9 newly installed, 0 to remove and 0 not upgraded.
Need to get 108 MB of archives.
After this operation, 449 MB of additional disk space will be used.
Do you want to continue? [Y/n] y
Get:1 https://download.docker.com/linux/ubuntu jammy/stable amd64 containerd.io amd64 1.6.6-1 [28,1 MB]
Get:2 https://download.docker.com/linux/ubuntu jammy/stable amd64 docker-ce-cli amd64 5:20.10.17~3-0~ubuntu-jammy [40,6 MB]
Get:3 http://ru.archive.ubuntu.com/ubuntu jammy/universe amd64 pigz amd64 2.6-1 [63,6 kB]
Get:4 http://ru.archive.ubuntu.com/ubuntu jammy/main amd64 libslirp0 amd64 4.6.1-1build1 [61,5 kB]
Get:5 https://download.docker.com/linux/ubuntu jammy/stable amd64 docker-ce amd64 5:20.10.17~3-0~ubuntu-jammy [21,0 MB]
Get:6 https://download.docker.com/linux/ubuntu jammy/stable amd64 docker-ce-rootless-extras amd64 5:20.10.17~3-0~ubuntu-jammy [8 163 kB]
Get:7 https://download.docker.com/linux/ubuntu jammy/stable amd64 docker-compose-plugin amd64 2.6.0~ubuntu-jammy [6 563 kB]
Get:8 https://download.docker.com/linux/ubuntu jammy/stable amd64 docker-scan-plugin amd64 0.17.0~ubuntu-jammy [3 521 kB]
Get:9 http://ru.archive.ubuntu.com/ubuntu jammy/universe amd64 slirp4netns amd64 1.0.1-2 [28,2 kB]
Fetched 108 MB in 26s (4 218 kB/s)      
Selecting previously unselected package pigz.
(Reading database ... 205128 files and directories currently installed.)
Preparing to unpack .../0-pigz_2.6-1_amd64.deb ...
Unpacking pigz (2.6-1) ...
Selecting previously unselected package containerd.io.
Preparing to unpack .../1-containerd.io_1.6.6-1_amd64.deb ...
Unpacking containerd.io (1.6.6-1) ...
Selecting previously unselected package docker-ce-cli.
Preparing to unpack .../2-docker-ce-cli_5%3a20.10.17~3-0~ubuntu-jammy_amd64.deb ...
Unpacking docker-ce-cli (5:20.10.17~3-0~ubuntu-jammy) ...
Selecting previously unselected package docker-ce.
Preparing to unpack .../3-docker-ce_5%3a20.10.17~3-0~ubuntu-jammy_amd64.deb ...
Unpacking docker-ce (5:20.10.17~3-0~ubuntu-jammy) ...
Selecting previously unselected package docker-ce-rootless-extras.
Preparing to unpack .../4-docker-ce-rootless-extras_5%3a20.10.17~3-0~ubuntu-jammy_amd64.deb ...
Unpacking docker-ce-rootless-extras (5:20.10.17~3-0~ubuntu-jammy) ...
Selecting previously unselected package docker-compose-plugin.
Preparing to unpack .../5-docker-compose-plugin_2.6.0~ubuntu-jammy_amd64.deb ...
Unpacking docker-compose-plugin (2.6.0~ubuntu-jammy) ...
Selecting previously unselected package docker-scan-plugin.
Preparing to unpack .../6-docker-scan-plugin_0.17.0~ubuntu-jammy_amd64.deb ...
Unpacking docker-scan-plugin (0.17.0~ubuntu-jammy) ...
Selecting previously unselected package libslirp0:amd64.
Preparing to unpack .../7-libslirp0_4.6.1-1build1_amd64.deb ...
Unpacking libslirp0:amd64 (4.6.1-1build1) ...
Selecting previously unselected package slirp4netns.
Preparing to unpack .../8-slirp4netns_1.0.1-2_amd64.deb ...
Unpacking slirp4netns (1.0.1-2) ...
Setting up docker-scan-plugin (0.17.0~ubuntu-jammy) ...
Setting up containerd.io (1.6.6-1) ...
Created symlink /etc/systemd/system/multi-user.target.wants/containerd.service → /lib/systemd/system/containerd.service.
Setting up docker-compose-plugin (2.6.0~ubuntu-jammy) ...
Setting up docker-ce-cli (5:20.10.17~3-0~ubuntu-jammy) ...
Setting up libslirp0:amd64 (4.6.1-1build1) ...
Setting up pigz (2.6-1) ...
Setting up docker-ce-rootless-extras (5:20.10.17~3-0~ubuntu-jammy) ...
Setting up slirp4netns (1.0.1-2) ...
Setting up docker-ce (5:20.10.17~3-0~ubuntu-jammy) ...
Created symlink /etc/systemd/system/multi-user.target.wants/docker.service → /lib/systemd/system/docker.service.
Created symlink /etc/systemd/system/sockets.target.wants/docker.socket → /lib/systemd/system/docker.socket.
Processing triggers for man-db (2.10.2-1) ...
Processing triggers for libc-bin (2.35-0ubuntu3) ...

